// Jest Snapshot v1, https://goo.gl/fbAQLP

exports[`<App /> renders this UI as expected 1`] = `
<div
  className="App"
>
  <header
    className="App__header"
  >
    <nav
      className="Header"
    >
      <ul
        className="Nav__list"
      >
        <li>
          <a
            className="Nav__Link"
            href="/"
            onClick={[Function]}
          >
            Home
          </a>
        </li>
        <li>
          <a
            className="Nav__Link"
            href="/spellbook"
            onClick={[Function]}
          >
            View Spellbooks
          </a>
        </li>
        <li>
          <a
            className="Nav__Link"
            href="/spell-creator"
            onClick={[Function]}
          >
            Create a Spell
          </a>
        </li>
        <li>
          <a
            className="Nav__Link"
            href="/spells"
            onClick={[Function]}
          >
            Spells
          </a>
        </li>
      </ul>
      <h1>
        <a
          href="/"
          onClick={[Function]}
        >
          Spellbook
        </a>
      </h1>
    </nav>
  </header>
  <main
    className="App__main"
  >
    <section
      className="LandingPage"
    >
      <h3>
        What is SpellBook?
      </h3>
      <p>
        It's a tool to keep track of your spells in Dungeons and Dragons. You can view and read up on spells, create your own custom spells, and add spells to different spellbooks for each character you play.
      </p>
      <h3>
        How do I make a spellbook?
      </h3>
      <p>
        First select 'View Spellbooks' then select the book you would like to view. From there, you can click 'Edit Spellbook' to see all available spells. Any spells currently in your Spellbook will be highlighted, just click on any spell to add or remove it.
      </p>
      <p>
        When you are done making your selections, click 'Save Spellbook' to save your spellbook for future use.
      </p>
      <h3>
        How do I make a new spell?
      </h3>
      <p>
        Click on 'Create a Spell' in the navigation, fill out all information about the spell such as its name, range, and duration. When you're done, hit 'Create Spell' and your spell will be added to all the spells in our library. From then on, you can add your custom spell to any spellbook!
      </p>
    </section>
  </main>
</div>
`;
