// Jest Snapshot v1, https://goo.gl/fbAQLP

exports[`<ResetPasswordPage /> renders this UI as expected 1`] = `
<section
  className="ResetPasswordPage"
>
  <h2>
    Reset your account password here!
  </h2>
</section>
`;
